Info in <Minuit2>: MnSeedGenerator Computing seed using NumericalGradient calculator
Info in <Minuit2>: MnSeedGenerator Evaluated function and gradient in 988.1 μs
Info in <Minuit2>: MnSeedGenerator Initial state: FCN =      -5726016.373 Edm =        763595.402 NCalls =     31
Info in <Minuit2>: MnSeedGenerator Initial state  
  Minimum value : -5726016.373
  Edm           : 763595.402
  Internal parameters:	[                0                0                0    -0.6435011088    -0.6435011088     -0.840484537     -1.241619371]	
  Internal gradient  :	[      -49864.8763     -2036.872989     -244969.6042     -687130.3774     -313750.2185     -122367.1009     -29239Minuit2Minimizer : Valid minimum - status = 0
FVAL  = -6226112.7347229328
Edm   = 0.000613828034805960271
Nfcn  = 371
frac	  = 0.657113	 +/-  0.00172067	(limited)
mean	  = 79.9898	 +/-  0.0183322	(limited)
mean2	  = 91.0098	 +/-  0.00593761	(limited)
nbkg	  = 277220	 +/-  1489.67	(limited)
nsig	  = 423187	 +/-  1536.18	(limited)
sigma	  = 9.91506	 +/-  0.0684953	(limited)
width2	  = 2.48524	 +/-  0.0173912	(limited)
[#1] INFO:Plotting -- RooAbsPdf::plotOn(model) directly selected PDF components: (background)
[#1] INFO:Plotting -- RooAbsPdf::plotOn(model) indirectly selected PDF components: ()
[#1] INFO:Plotting -- RooAbsPdf::plotOn(model) directly selected PDF components: (signal)
[#1] INFO:Plotting -- RooAbsPdf::plotOn(model) indirectly selected PDF components: (signal1,signal2)
[#1] INFO:InputArguments -- RooAbsData::plotOn(signalData) INFO: dataset has non-integer weights, auto-selecting SumW2 errors instead of Poisson errors
****************************************
Minimizer is Minuit2 / Migrad
Chi2                      =      12.5864
NDf                       =           10
Edm                       =  6.16153e-08
NCalls                    =           58
Constant                  =       154.36   +/-   6.88725     
Mean                      =    -0.027883   +/-   0.0367001   
Sigma                     =      1.01921   +/-   0.0278331    	 (limited)

  RooFitResult: minimized FCN value: -6.22611e+06, estimated distance to minimum: 0.000639235
                covariance matrix quality: Full, accurate covariance matrix
                Status : MINIMIZE=0 HESSE=0 

    Floating Parameter  InitialValue    FinalValue +/-  Error     GblCorr.
  --------------------  ------------  --------------------------  --------
                  frac    5.0000e-01    6.5711e-01 +/-  1.75e-03  <none>
                  mean    8.0000e+01    7.9990e+01 +/-  1.83e-02  <none>
                 mean2    9.0000e+01    9.1010e+01 +/-  5.94e-03  <none>
                  nbkg    1.0000e+05    2.7722e+05 +/-  1.54e+03  <none>
                  nsig    1.0000e+05    4.2319e+05 +/-  1.59e+03  <none>
                 sigma    2.0000e+00    9.9151e+00 +/-  7.04e-02  <none>
                width2    5.0000e-01    2.4852e+00 +/-  1.75e-02  <none>


7x7 matrix is as follows

     |      0    |      1    |      2    |      3    |      4    |
----------------------------------------------------------------------
   0 |          1      0.3295      0.1675     -0.4138      0.4017 
   1 |     0.3295           1     0.09988     0.02692    -0.02613 
   2 |     0.1675     0.09988           1     -0.1278      0.1241 
   3 |    -0.4138     0.02692     -0.1278           1     -0.8575 
   4 |     0.4017    -0.02613      0.1241     -0.8575           1 
   5 |      0.663      0.1635      0.1445      -0.635      0.6163 
   6 |    -0.4484     -0.2927    -0.06268     -0.2004      0.1945 


     |      5    |      6    |
----------------------------------------------------------------------
   0 |      0.663     -0.4484 
   1 |     0.1635     -0.2927 
   2 |     0.1445    -0.06268 
   3 |     -0.635     -0.2004 
   4 |     0.6163      0.1945 
   5 |          1     -0.1435 
   6 |    -0.1435           1 

r::Hesse Hesse is valid - matrix is accurate
Info in <TCanvas::Print>: file ../Png_files/Compdata2_results.png has been created
Info in <TCanvas::Print>: file ../Png_files/Compdata2_pull.png has been created
