Info in <Minuit2>: MnSeedGenerator Computing seed using NumericalGradient calculator
Info in <Minuit2>: MnSeedGenerator Evaluated function and gradient in 229.7 μs
Info in <Minuit2>: MnSeedGenerator Initial state: FCN =      -489036.6641 Edm =       74948.21889 NCalls =      9
Info in <Minuit2>: MnSeedGenerator Initial state  
  Minimum value : -489036.6641
  Edm           : 74948.21889
  Internal parameters:	[     -1.287002218      1.119769515]	
  Internal gradient  :	[     -625375.0642     -104321.8087]	
  Internal covariance matrix:
[[  7.3433708e-07              0]
 [          Minuit2Minimizer : Valid minimum - status = 0
FVAL  = -630970.884588466259
Edm   = 4.67866491305784799e-06
Nfcn  = 56
nbkg	  = 99333.1	 +/-  315.171	(limited)
tau	  = -0.0372816	 +/-  0.000150874	(limited)
****************************************
Minimizer is Minuit2 / Migrad
Chi2                      =      15.8648
NDf                       =           20
Edm                       =  2.85644e-08
NCalls                    =           60
Constant                  =      44.3177   +/-   2.53095     
Mean                      =    0.0124736   +/-   0.0520635   
Sigma                     =      1.09979   +/-   0.0409517    	 (limited)

  RooFitResult: minimized FCN value: -630971, estimated distance to minimum: 4.66372e-06
                covariance matrix quality: Full, accurate covariance matrix
                Status : MINIMIZE=0 HESSE=0 

    Floating Parameter  InitialValue    FinalValue +/-  Error     GblCorr.
  --------------------  ------------  --------------------------  --------
                  nbkg    1.0000e+04    9.9333e+04 +/-  3.15e+02  <none>
                   tau   -5.0000e-02   -3.7282e-02 +/-  1.51e-04  <none>


2x2 matrix is as follows

     |      0    |      1    |
-------------------------------
   0 |          1  -4.838e-08 
   1 | -4.838e-08           1 

nvas with same name: cmain1
Warning in <TCanvas::Constructor>: Deleting canvas with same name: cmain2
Warning in <TROOT::Append>: Replacing existing TH1: hpull (Potential memory leak).
Info in <TCanvas::Print>: file ../Png_files/pure_background_results.png has been created
Info in <TCanvas::Print>: file ../Png_files/pure_background_pull.png has been created
