[#1] INFO:Fitting -- RooAbsPdf::fitTo(model) fixing normalization set foInfo in <Minuit2>: MnSeedGenerator Computing seed using NumericalGradient calculator
Info in <Minuit2>: MnSeedGenerator Evaluated function and gradient in 7.847 ms
Info in <Minuit2>: MnSeedGenerator Initial state: FCN =      -34997.29358 Edm =       294616.1895 NCalls =     33
Info in <Minuit2>: NegativeG2LineSearch Doing a NegativeG2LineSearch since one of the G2 component is negative
Info in <Minuit2>: NegatiMinuit2Minimizer : Valid minimum - status = 0
FVAL  = -42214.4745142373431
Edm   = 3.12038997285138392e-05
Nfcn  = 161
alpha	  = 1	 +/-  2.52441	(limited)
c0	  = 6.2668e-08	 +/-  0.00169317	(limited)
c1	  = 2.83771	 +/-  3.62671	(limited)
mean	  = 3.1	 +/-  0.0420735	(limited)
nCB	  = 1	 +/-  2.52441	(limited)
nbkg	  = 6174.56	 +/-  77.9464	(limited)
nsig	  = 1.33803e-05	 +/-  0.493257	(limited)
sigma	  = 0.01	 +/-  0.0239487	(limited)
[#0] ERROR:Minimization -- RooMinimizer::calculateHessErrors() Error when calculating Hessian
[#1] INFO:Plotting -- RooAbsPdf::plotOn(model) directly selected PDF components: (background)
[#1] INFO:Plotting -- RooAbsPdf::plotOn(model) indirectly selected PDF components: ()
[#1] INFO:Plotting -- RooAbsPdf::plotOn(model) directly selected PDF components: (signal)
[#1] INFO:Plotting -- RooAbsPdf::plotOn(model) indirectly selected PDF components: ()
[#1] INFO:Eval -- RooRealVar::setRange(var) new range named 'binRange' created with bounds [4,4.04167]
****************************************
Minimizer is Minuit2 / Migrad
Chi2                      =   0.00018826
NDf                       =            5
Edm                       =  7.09521e-06
NCalls                    =          151
Constant                  =      1.00776   +/-   0.46294     
Mean                      =   -0.0406071   +/-   91.3471     
Sigma                     =      26.5733   +/-   17.945       	 (limited)

  RooFitResult: minimized FCN value: -42214.5, estimated distance to minimum: 3.12039e-05
                covariance matrix quality: Not calculated at all
                Status : MINIMIZE=0 HESSE=300 

    Floating Parameter  InitialValue    FinalValue +/-  Error     GblCorr.
  --------------------  ------------  --------------------------  --------
                 alpha    1.0000e+00    1.0000e+00 +/-  0.00e+00  <none>
                    c0    1.0000e+00    6.2668e-08 +/-  0.00e+00  <none>
                    c1    0.0000e+00    2.8377e+00 +/-  0.00e+00  <none>
                  mean    3.1000e+00    3.1000e+00 +/-  0.00e+00  <none>
                   nCB    1.0000e+00    1.0000e+00 +/-  0.00e+00  <none>
                  nbkg    1.0000e+03    6.1746e+03 +/-  0.00e+00  <none>
                  nsig    1.0000e+03    1.3380e-05 +/-  0.00e+00  <none>
                 sigma    1.0000e-02    1.0000e-02 +/-  0.00e+00  <none>


8x8 matrix is as follows

     |      0    |      1    |      2    |      3    |      4    |
----------------------------------------------------------------------
   0 |          1           0           0           0           0 
   1 |          0           1  -6.321e-05           0           0 
   2 |          0  -6.321e-05           1           0           0 
   3 |          0           0           0           1           0 
   4 |          0           0           0           0           1 
   5 |          0    -0.01107    0.005607           0           0 
   6 |         -0   -0.003522  -0.0002005          -0          -0 
   7 |          0           0           0           0           0 


     |      5    |      6    |      7    |
----------------------------------------------------------------------
   0 |          0          -0           0 
   1 |   -0.01107   -0.003522           0 
   2 |   0.005607  -0.0002005           0 
   3 |          0          -0           0 
   4 |          0          -0           0 
   5 |          1     0.01048           0 
   6 |    0.01048           1          -0 
   7 |          0          -0           1 

der    4 - FCN =      -42214.32916 Edm =      0.1179349466 NCalls =    143
Info in <Minuit2>: VariableMetricBuilder    5 - FCN =      -42214.47451 Edm =   3.120389973e-05 NCalls =    161
Info in <Minuit2>: VariableMetricBuilder Stop iterating after 20.749 ms
Info in <Minuit2>: Minuit2Minimizer::Hesse Using max-calls 4000
Warning in <Minuit2>: MnHesse 2nd derivative zero for parameter alpha ; MnHesse fails and will return diagonal matrix
Info in <Minuit2>: MnHesse Done after 1.269 ms
Warning in <Minuit2>: Minuit2Minimizer::Hesse Hesse failed - matrix is full but not positive defined
Warning in <Minuit2>: Minuit2Minimizer::Hesse 3
Warning in <TROOT::Append>: Replacing existing TH1: hdata__var (Potential memory leak).
Warning in <TROOT::Append>: Replacing existing TH1: hpull (Potential memory leak).
Info in <TCanvas::Print>: file ../Png_files/task4_results.png has been created
